2025-11-18 20:22:40,076 INFO o.a.j.u.JMeterUtils: Setting Locale to en_EN
2025-11-18 20:22:40,091 INFO o.a.j.JMeter: Loading user properties from: C:\Tools\apache-jmeter-5.6.3\bin\user.properties
2025-11-18 20:22:40,091 INFO o.a.j.JMeter: Loading system properties from: C:\Tools\apache-jmeter-5.6.3\bin\system.properties
2025-11-18 20:22:40,091 INFO o.a.j.JMeter: Loading additional properties from: backend/tests/jmeter/props/local.properties
2025-11-18 20:22:40,101 INFO o.a.j.JMeter: Copyright (c) 1998-2024 The Apache Software Foundation
2025-11-18 20:22:40,101 INFO o.a.j.JMeter: Version 5.6.3
2025-11-18 20:22:40,101 INFO o.a.j.JMeter: java.version=24.0.2
2025-11-18 20:22:40,101 INFO o.a.j.JMeter: java.vm.name=Java HotSpot(TM) 64-Bit Server VM
2025-11-18 20:22:40,101 INFO o.a.j.JMeter: os.name=Windows 11
2025-11-18 20:22:40,101 INFO o.a.j.JMeter: os.arch=amd64
2025-11-18 20:22:40,101 INFO o.a.j.JMeter: os.version=10.0
2025-11-18 20:22:40,101 INFO o.a.j.JMeter: file.encoding=UTF-8
2025-11-18 20:22:40,101 INFO o.a.j.JMeter: java.awt.headless=true
2025-11-18 20:22:40,101 INFO o.a.j.JMeter: Max memory     =1073741824
2025-11-18 20:22:40,102 INFO o.a.j.JMeter: Available Processors =12
2025-11-18 20:22:40,115 INFO o.a.j.JMeter: Default Locale=English (EN)
2025-11-18 20:22:40,116 INFO o.a.j.JMeter: JMeter  Locale=English (EN)
2025-11-18 20:22:40,116 INFO o.a.j.JMeter: JMeterHome=C:\Tools\apache-jmeter-5.6.3
2025-11-18 20:22:40,116 INFO o.a.j.JMeter: user.dir  =C:\Users\Administrador\Documents\teste-software-univas
2025-11-18 20:22:40,116 INFO o.a.j.JMeter: PWD       =C:\Users\Administrador\Documents\teste-software-univas
2025-11-18 20:22:40,117 INFO o.a.j.JMeter: IP: 192.168.190.197 Name: UNI-LABF-7393 FullName: UNI-LABF-7393.fuvs.br
2025-11-18 20:22:40,130 INFO o.a.j.JMeter: Setting property 'jmeter.reportgenerator.outputdir' to:'C:\Users\Administrador\Documents\teste-software-univas\backend\tests\jmeter\reports\smoke'
2025-11-18 20:22:40,134 INFO o.a.j.s.FileServer: Default base='C:\Users\Administrador\Documents\teste-software-univas'
2025-11-18 20:22:40,135 INFO o.a.j.s.FileServer: Set new base='C:\Users\Administrador\Documents\teste-software-univas\backend\tests\jmeter\plans'
2025-11-18 20:22:40,437 INFO o.a.j.s.SaveService: Testplan (JMX) version: 2.2. Testlog (JTL) version: 2.2
2025-11-18 20:22:40,473 INFO o.a.j.s.SaveService: Using SaveService properties version 5.0
2025-11-18 20:22:40,477 INFO o.a.j.s.SaveService: Using SaveService properties file encoding UTF-8
2025-11-18 20:22:40,482 INFO o.a.j.s.SaveService: Loading file: backend\tests\jmeter\plans\smoke.jmx
2025-11-18 20:22:40,542 INFO o.a.j.p.h.s.HTTPSamplerBase: Parser for text/html is org.apache.jmeter.protocol.http.parser.LagartoBasedHtmlParser
2025-11-18 20:22:40,542 INFO o.a.j.p.h.s.HTTPSamplerBase: Parser for application/xhtml+xml is org.apache.jmeter.protocol.http.parser.LagartoBasedHtmlParser
2025-11-18 20:22:40,542 INFO o.a.j.p.h.s.HTTPSamplerBase: Parser for application/xml is org.apache.jmeter.protocol.http.parser.LagartoBasedHtmlParser
2025-11-18 20:22:40,543 INFO o.a.j.p.h.s.HTTPSamplerBase: Parser for text/xml is org.apache.jmeter.protocol.http.parser.LagartoBasedHtmlParser
2025-11-18 20:22:40,543 INFO o.a.j.p.h.s.HTTPSamplerBase: Parser for text/vnd.wap.wml is org.apache.jmeter.protocol.http.parser.RegexpHTMLParser
2025-11-18 20:22:40,543 INFO o.a.j.p.h.s.HTTPSamplerBase: Parser for text/css is org.apache.jmeter.protocol.http.parser.CssParser
2025-11-18 20:22:40,574 INFO o.a.j.JMeter: Creating summariser <summary>
2025-11-18 20:22:40,578 INFO o.a.j.r.d.ReportGenerator: ReportGenerator will use for Parsing the separator: ','
2025-11-18 20:22:40,578 INFO o.a.j.r.d.ReportGenerator: Will generate report at end of test from  results file: backend/tests/jmeter/results/smoke.jtl
2025-11-18 20:22:40,578 INFO o.a.j.r.d.ReportGenerator: Reading report generator properties from: C:\Tools\apache-jmeter-5.6.3\bin\reportgenerator.properties
2025-11-18 20:22:40,579 INFO o.a.j.r.d.ReportGenerator: Merging with JMeter properties
2025-11-18 20:22:40,582 INFO o.a.j.r.c.ReportGeneratorConfiguration: Property 'jmeter.reportgenerator.temp_dir' not found, using default value 'temp' instead.
2025-11-18 20:22:40,585 INFO o.a.j.r.c.ReportGeneratorConfiguration: Property 'jmeter.reportgenerator.apdex_per_transaction' not found, using default value 'null' instead.
2025-11-18 20:22:40,585 INFO o.a.j.r.c.ReportGeneratorConfiguration: apdex_per_transaction is empty, not APDEX per transaction customization
2025-11-18 20:22:40,587 INFO o.a.j.r.c.ReportGeneratorConfiguration: Property 'jmeter.reportgenerator.sample_filter' not found, using default value 'null' instead.
2025-11-18 20:22:40,587 INFO o.a.j.r.c.ReportGeneratorConfiguration: Property 'jmeter.reportgenerator.report_title' not found, using default value 'null' instead.
2025-11-18 20:22:40,587 INFO o.a.j.r.c.ReportGeneratorConfiguration: Property 'jmeter.reportgenerator.start_date' not found, using default value 'null' instead.
2025-11-18 20:22:40,587 INFO o.a.j.r.c.ReportGeneratorConfiguration: Property 'jmeter.reportgenerator.end_date' not found, using default value 'null' instead.
2025-11-18 20:22:40,587 INFO o.a.j.r.c.ReportGeneratorConfiguration: Property 'jmeter.reportgenerator.date_format' not found, using default value 'null' instead.
2025-11-18 20:22:40,588 INFO o.a.j.r.c.ReportGeneratorConfiguration: Will use date range start date: null, end date: null
2025-11-18 20:22:40,592 INFO o.a.j.r.c.ReportGeneratorConfiguration: Property 'jmeter.reportgenerator.graph.totalTPS.exclude_controllers' not found, using default value 'false' instead.
2025-11-18 20:22:40,592 INFO o.a.j.r.c.ReportGeneratorConfiguration: Property 'jmeter.reportgenerator.graph.activeThreadsOverTime.exclude_controllers' not found, using default value 'false' instead.
2025-11-18 20:22:40,593 INFO o.a.j.r.c.ReportGeneratorConfiguration: Property 'jmeter.reportgenerator.graph.timeVsThreads.exclude_controllers' not found, using default value 'false' instead.
2025-11-18 20:22:40,593 INFO o.a.j.r.c.ReportGeneratorConfiguration: Property 'jmeter.reportgenerator.graph.responseTimeDistribution.exclude_controllers' not found, using default value 'false' instead.
2025-11-18 20:22:40,593 INFO o.a.j.r.c.ReportGeneratorConfiguration: Property 'jmeter.reportgenerator.graph.transactionsPerSecond.exclude_controllers' not found, using default value 'false' instead.
2025-11-18 20:22:40,593 INFO o.a.j.r.c.ReportGeneratorConfiguration: Property 'jmeter.reportgenerator.graph.responseTimePercentiles.exclude_controllers' not found, using default value 'false' instead.
2025-11-18 20:22:40,593 INFO o.a.j.r.c.ReportGeneratorConfiguration: Property 'jmeter.reportgenerator.graph.responseTimePercentilesOverTime.exclude_controllers' not found, using default value 'false' instead.
2025-11-18 20:22:40,594 INFO o.a.j.r.c.ReportGeneratorConfiguration: Property 'jmeter.reportgenerator.graph.responseTimesOverTime.exclude_controllers' not found, using default value 'false' instead.
2025-11-18 20:22:40,594 INFO o.a.j.r.c.ReportGeneratorConfiguration: Property 'jmeter.reportgenerator.graph.connectTimeOverTime.exclude_controllers' not found, using default value 'false' instead.
2025-11-18 20:22:40,594 INFO o.a.j.r.c.ReportGeneratorConfiguration: Property 'jmeter.reportgenerator.graph.latenciesOverTime.exclude_controllers' not found, using default value 'false' instead.
2025-11-18 20:22:40,595 INFO o.a.j.r.c.ReportGeneratorConfiguration: Property 'jmeter.reportgenerator.exporter.json.filters_only_sample_series' not found, using default value 'true' instead.
2025-11-18 20:22:40,595 INFO o.a.j.r.c.ReportGeneratorConfiguration: Property 'jmeter.reportgenerator.exporter.json.series_filter' not found, using default value '' instead.
2025-11-18 20:22:40,595 INFO o.a.j.r.c.ReportGeneratorConfiguration: Property 'jmeter.reportgenerator.exporter.json.show_controllers_only' not found, using default value 'false' instead.
2025-11-18 20:22:40,595 INFO o.a.j.r.c.ReportGeneratorConfiguration: Property 'jmeter.reportgenerator.exporter.html.filters_only_sample_series' not found, using default value 'true' instead.
2025-11-18 20:22:40,595 INFO o.a.j.r.c.ReportGeneratorConfiguration: Property 'jmeter.reportgenerator.exporter.html.series_filter' not found, using default value '' instead.
2025-11-18 20:22:40,595 INFO o.a.j.r.c.ReportGeneratorConfiguration: Property 'jmeter.reportgenerator.exporter.html.show_controllers_only' not found, using default value 'false' instead.
2025-11-18 20:22:40,613 INFO o.a.j.e.StandardJMeterEngine: Running the test!
2025-11-18 20:22:40,614 INFO o.a.j.s.SampleEvent: List of sample_variables: []
2025-11-18 20:22:40,614 INFO o.a.j.s.SampleEvent: List of sample_variables: []
2025-11-18 20:22:40,621 INFO o.a.j.e.u.CompoundVariable: Note: Function class names must contain the string: '.functions.'
2025-11-18 20:22:40,621 INFO o.a.j.e.u.CompoundVariable: Note: Function class names must not contain the string: '.gui.'
2025-11-18 20:22:40,693 INFO o.a.j.JMeter: Running test (1763508160693)
2025-11-18 20:22:40,713 INFO o.a.j.e.StandardJMeterEngine: Starting ThreadGroup: 1 : api
2025-11-18 20:22:40,714 INFO o.a.j.e.StandardJMeterEngine: Starting 100 threads for group api.
2025-11-18 20:22:40,714 INFO o.a.j.e.StandardJMeterEngine: Thread will continue on error
2025-11-18 20:22:40,714 INFO o.a.j.t.ThreadGroup: Starting thread group... number=1 threads=100 ramp-up=10 delayedStart=false
2025-11-18 20:22:40,724 INFO o.a.j.t.JMeterThread: Thread started: api 1-1
2025-11-18 20:22:40,756 INFO o.a.j.s.SampleResult: Note: Sample TimeStamps are START times
2025-11-18 20:22:40,756 INFO o.a.j.s.SampleResult: sampleresult.default.encoding is set to UTF-8
2025-11-18 20:22:40,756 INFO o.a.j.s.SampleResult: sampleresult.useNanoTime=true
2025-11-18 20:22:40,756 INFO o.a.j.s.SampleResult: sampleresult.nanoThreadSleep=5000
2025-11-18 20:22:40,775 INFO o.a.j.t.ThreadGroup: Started thread group number 1
2025-11-18 20:22:40,775 INFO o.a.j.e.StandardJMeterEngine: All thread groups have been started
2025-11-18 20:22:40,821 INFO o.a.j.t.JMeterThread: Thread started: api 1-2
2025-11-18 20:22:40,821 INFO o.a.j.t.JMeterThread: Thread is done: api 1-1
2025-11-18 20:22:40,821 INFO o.a.j.t.JMeterThread: Thread finished: api 1-1
2025-11-18 20:22:40,822 INFO o.a.j.t.JMeterThread: Thread is done: api 1-2
2025-11-18 20:22:40,823 INFO o.a.j.t.JMeterThread: Thread finished: api 1-2
2025-11-18 20:22:40,921 INFO o.a.j.t.JMeterThread: Thread started: api 1-3
2025-11-18 20:22:40,927 INFO o.a.j.t.JMeterThread: Thread is done: api 1-3
2025-11-18 20:22:40,927 INFO o.a.j.t.JMeterThread: Thread finished: api 1-3
2025-11-18 20:22:41,020 INFO o.a.j.t.JMeterThread: Thread started: api 1-4
2025-11-18 20:22:41,024 INFO o.a.j.t.JMeterThread: Thread is done: api 1-4
2025-11-18 20:22:41,024 INFO o.a.j.t.JMeterThread: Thread finished: api 1-4
2025-11-18 20:22:41,120 INFO o.a.j.t.JMeterThread: Thread started: api 1-5
2025-11-18 20:22:41,124 INFO o.a.j.t.JMeterThread: Thread is done: api 1-5
2025-11-18 20:22:41,125 INFO o.a.j.t.JMeterThread: Thread finished: api 1-5
2025-11-18 20:22:41,220 INFO o.a.j.t.JMeterThread: Thread started: api 1-6
2025-11-18 20:22:41,223 INFO o.a.j.t.JMeterThread: Thread is done: api 1-6
2025-11-18 20:22:41,223 INFO o.a.j.t.JMeterThread: Thread finished: api 1-6
2025-11-18 20:22:41,318 INFO o.a.j.t.JMeterThread: Thread started: api 1-7
2025-11-18 20:22:41,320 INFO o.a.j.t.JMeterThread: Thread is done: api 1-7
2025-11-18 20:22:41,320 INFO o.a.j.t.JMeterThread: Thread finished: api 1-7
2025-11-18 20:22:41,418 INFO o.a.j.t.JMeterThread: Thread started: api 1-8
2025-11-18 20:22:41,423 INFO o.a.j.t.JMeterThread: Thread is done: api 1-8
2025-11-18 20:22:41,424 INFO o.a.j.t.JMeterThread: Thread finished: api 1-8
2025-11-18 20:22:41,518 INFO o.a.j.t.JMeterThread: Thread started: api 1-9
2025-11-18 20:22:41,523 INFO o.a.j.t.JMeterThread: Thread is done: api 1-9
2025-11-18 20:22:41,523 INFO o.a.j.t.JMeterThread: Thread finished: api 1-9
2025-11-18 20:22:41,618 INFO o.a.j.t.JMeterThread: Thread started: api 1-10
2025-11-18 20:22:41,620 INFO o.a.j.t.JMeterThread: Thread is done: api 1-10
2025-11-18 20:22:41,620 INFO o.a.j.t.JMeterThread: Thread finished: api 1-10
2025-11-18 20:22:41,716 INFO o.a.j.t.JMeterThread: Thread started: api 1-11
2025-11-18 20:22:41,720 INFO o.a.j.t.JMeterThread: Thread is done: api 1-11
2025-11-18 20:22:41,721 INFO o.a.j.t.JMeterThread: Thread finished: api 1-11
2025-11-18 20:22:41,816 INFO o.a.j.t.JMeterThread: Thread started: api 1-12
2025-11-18 20:22:41,819 INFO o.a.j.t.JMeterThread: Thread is done: api 1-12
2025-11-18 20:22:41,819 INFO o.a.j.t.JMeterThread: Thread finished: api 1-12
2025-11-18 20:22:41,916 INFO o.a.j.t.JMeterThread: Thread started: api 1-13
2025-11-18 20:22:41,917 INFO o.a.j.t.JMeterThread: Thread is done: api 1-13
2025-11-18 20:22:41,917 INFO o.a.j.t.JMeterThread: Thread finished: api 1-13
2025-11-18 20:22:42,016 INFO o.a.j.t.JMeterThread: Thread started: api 1-14
2025-11-18 20:22:42,019 INFO o.a.j.t.JMeterThread: Thread is done: api 1-14
2025-11-18 20:22:42,019 INFO o.a.j.t.JMeterThread: Thread finished: api 1-14
2025-11-18 20:22:42,116 INFO o.a.j.t.JMeterThread: Thread started: api 1-15
2025-11-18 20:22:42,118 INFO o.a.j.t.JMeterThread: Thread is done: api 1-15
2025-11-18 20:22:42,119 INFO o.a.j.t.JMeterThread: Thread finished: api 1-15
2025-11-18 20:22:42,224 INFO o.a.j.t.JMeterThread: Thread started: api 1-16
2025-11-18 20:22:42,228 INFO o.a.j.t.JMeterThread: Thread is done: api 1-16
2025-11-18 20:22:42,229 INFO o.a.j.t.JMeterThread: Thread finished: api 1-16
2025-11-18 20:22:42,317 INFO o.a.j.t.JMeterThread: Thread started: api 1-17
2025-11-18 20:22:42,319 INFO o.a.j.t.JMeterThread: Thread is done: api 1-17
2025-11-18 20:22:42,320 INFO o.a.j.t.JMeterThread: Thread finished: api 1-17
2025-11-18 20:22:42,416 INFO o.a.j.t.JMeterThread: Thread started: api 1-18
2025-11-18 20:22:42,418 INFO o.a.j.t.JMeterThread: Thread is done: api 1-18
2025-11-18 20:22:42,418 INFO o.a.j.t.JMeterThread: Thread finished: api 1-18
2025-11-18 20:22:42,516 INFO o.a.j.t.JMeterThread: Thread started: api 1-19
2025-11-18 20:22:42,518 INFO o.a.j.t.JMeterThread: Thread is done: api 1-19
2025-11-18 20:22:42,518 INFO o.a.j.t.JMeterThread: Thread finished: api 1-19
2025-11-18 20:22:42,616 INFO o.a.j.t.JMeterThread: Thread started: api 1-20
2025-11-18 20:22:42,618 INFO o.a.j.t.JMeterThread: Thread is done: api 1-20
2025-11-18 20:22:42,619 INFO o.a.j.t.JMeterThread: Thread finished: api 1-20
2025-11-18 20:22:42,717 INFO o.a.j.t.JMeterThread: Thread started: api 1-21
2025-11-18 20:22:42,720 INFO o.a.j.t.JMeterThread: Thread is done: api 1-21
2025-11-18 20:22:42,720 INFO o.a.j.t.JMeterThread: Thread finished: api 1-21
2025-11-18 20:22:42,816 INFO o.a.j.t.JMeterThread: Thread started: api 1-22
2025-11-18 20:22:42,817 INFO o.a.j.t.JMeterThread: Thread is done: api 1-22
2025-11-18 20:22:42,817 INFO o.a.j.t.JMeterThread: Thread finished: api 1-22
2025-11-18 20:22:42,918 INFO o.a.j.t.JMeterThread: Thread started: api 1-23
2025-11-18 20:22:42,924 INFO o.a.j.t.JMeterThread: Thread is done: api 1-23
2025-11-18 20:22:42,924 INFO o.a.j.t.JMeterThread: Thread finished: api 1-23
2025-11-18 20:22:43,015 INFO o.a.j.t.JMeterThread: Thread started: api 1-24
2025-11-18 20:22:43,019 INFO o.a.j.t.JMeterThread: Thread is done: api 1-24
2025-11-18 20:22:43,019 INFO o.a.j.t.JMeterThread: Thread finished: api 1-24
2025-11-18 20:22:43,117 INFO o.a.j.t.JMeterThread: Thread started: api 1-25
2025-11-18 20:22:43,120 INFO o.a.j.t.JMeterThread: Thread is done: api 1-25
2025-11-18 20:22:43,120 INFO o.a.j.t.JMeterThread: Thread finished: api 1-25
2025-11-18 20:22:43,215 INFO o.a.j.t.JMeterThread: Thread started: api 1-26
2025-11-18 20:22:43,230 INFO o.a.j.t.JMeterThread: Thread is done: api 1-26
2025-11-18 20:22:43,230 INFO o.a.j.t.JMeterThread: Thread finished: api 1-26
2025-11-18 20:22:43,315 INFO o.a.j.t.JMeterThread: Thread started: api 1-27
2025-11-18 20:22:43,319 INFO o.a.j.t.JMeterThread: Thread is done: api 1-27
2025-11-18 20:22:43,319 INFO o.a.j.t.JMeterThread: Thread finished: api 1-27
2025-11-18 20:22:43,415 INFO o.a.j.t.JMeterThread: Thread started: api 1-28
2025-11-18 20:22:43,418 INFO o.a.j.t.JMeterThread: Thread is done: api 1-28
2025-11-18 20:22:43,418 INFO o.a.j.t.JMeterThread: Thread finished: api 1-28
2025-11-18 20:22:43,516 INFO o.a.j.t.JMeterThread: Thread started: api 1-29
2025-11-18 20:22:43,520 INFO o.a.j.t.JMeterThread: Thread is done: api 1-29
2025-11-18 20:22:43,520 INFO o.a.j.t.JMeterThread: Thread finished: api 1-29
2025-11-18 20:22:43,615 INFO o.a.j.t.JMeterThread: Thread started: api 1-30
2025-11-18 20:22:43,618 INFO o.a.j.t.JMeterThread: Thread is done: api 1-30
2025-11-18 20:22:43,618 INFO o.a.j.t.JMeterThread: Thread finished: api 1-30
2025-11-18 20:22:43,716 INFO o.a.j.t.JMeterThread: Thread started: api 1-31
2025-11-18 20:22:43,717 INFO o.a.j.t.JMeterThread: Thread is done: api 1-31
2025-11-18 20:22:43,718 INFO o.a.j.t.JMeterThread: Thread finished: api 1-31
2025-11-18 20:22:43,815 INFO o.a.j.t.JMeterThread: Thread started: api 1-32
2025-11-18 20:22:43,817 INFO o.a.j.t.JMeterThread: Thread is done: api 1-32
2025-11-18 20:22:43,818 INFO o.a.j.t.JMeterThread: Thread finished: api 1-32
2025-11-18 20:22:43,916 INFO o.a.j.t.JMeterThread: Thread started: api 1-33
2025-11-18 20:22:43,918 INFO o.a.j.t.JMeterThread: Thread is done: api 1-33
2025-11-18 20:22:43,918 INFO o.a.j.t.JMeterThread: Thread finished: api 1-33
2025-11-18 20:22:44,015 INFO o.a.j.t.JMeterThread: Thread started: api 1-34
2025-11-18 20:22:44,017 INFO o.a.j.t.JMeterThread: Thread is done: api 1-34
2025-11-18 20:22:44,018 INFO o.a.j.t.JMeterThread: Thread finished: api 1-34
2025-11-18 20:22:44,115 INFO o.a.j.t.JMeterThread: Thread started: api 1-35
2025-11-18 20:22:44,120 INFO o.a.j.t.JMeterThread: Thread is done: api 1-35
2025-11-18 20:22:44,120 INFO o.a.j.t.JMeterThread: Thread finished: api 1-35
2025-11-18 20:22:44,215 INFO o.a.j.t.JMeterThread: Thread started: api 1-36
2025-11-18 20:22:44,218 INFO o.a.j.t.JMeterThread: Thread is done: api 1-36
2025-11-18 20:22:44,219 INFO o.a.j.t.JMeterThread: Thread finished: api 1-36
2025-11-18 20:22:44,316 INFO o.a.j.t.JMeterThread: Thread started: api 1-37
2025-11-18 20:22:44,320 INFO o.a.j.t.JMeterThread: Thread is done: api 1-37
2025-11-18 20:22:44,321 INFO o.a.j.t.JMeterThread: Thread finished: api 1-37
2025-11-18 20:22:44,416 INFO o.a.j.t.JMeterThread: Thread started: api 1-38
2025-11-18 20:22:44,420 INFO o.a.j.t.JMeterThread: Thread is done: api 1-38
2025-11-18 20:22:44,420 INFO o.a.j.t.JMeterThread: Thread finished: api 1-38
2025-11-18 20:22:44,514 INFO o.a.j.t.JMeterThread: Thread started: api 1-39
2025-11-18 20:22:44,517 INFO o.a.j.t.JMeterThread: Thread is done: api 1-39
2025-11-18 20:22:44,517 INFO o.a.j.t.JMeterThread: Thread finished: api 1-39
2025-11-18 20:22:44,615 INFO o.a.j.t.JMeterThread: Thread started: api 1-40
2025-11-18 20:22:44,619 INFO o.a.j.t.JMeterThread: Thread is done: api 1-40
2025-11-18 20:22:44,619 INFO o.a.j.t.JMeterThread: Thread finished: api 1-40
2025-11-18 20:22:44,714 INFO o.a.j.t.JMeterThread: Thread started: api 1-41
2025-11-18 20:22:44,717 INFO o.a.j.t.JMeterThread: Thread is done: api 1-41
2025-11-18 20:22:44,717 INFO o.a.j.t.JMeterThread: Thread finished: api 1-41
2025-11-18 20:22:44,815 INFO o.a.j.t.JMeterThread: Thread started: api 1-42
2025-11-18 20:22:44,816 INFO o.a.j.t.JMeterThread: Thread is done: api 1-42
2025-11-18 20:22:44,816 INFO o.a.j.t.JMeterThread: Thread finished: api 1-42
2025-11-18 20:22:44,915 INFO o.a.j.t.JMeterThread: Thread started: api 1-43
2025-11-18 20:22:44,917 INFO o.a.j.t.JMeterThread: Thread is done: api 1-43
2025-11-18 20:22:44,917 INFO o.a.j.t.JMeterThread: Thread finished: api 1-43
2025-11-18 20:22:45,015 INFO o.a.j.t.JMeterThread: Thread started: api 1-44
2025-11-18 20:22:45,016 INFO o.a.j.t.JMeterThread: Thread is done: api 1-44
2025-11-18 20:22:45,017 INFO o.a.j.t.JMeterThread: Thread finished: api 1-44
2025-11-18 20:22:45,115 INFO o.a.j.t.JMeterThread: Thread started: api 1-45
2025-11-18 20:22:45,116 INFO o.a.j.t.JMeterThread: Thread is done: api 1-45
2025-11-18 20:22:45,116 INFO o.a.j.t.JMeterThread: Thread finished: api 1-45
2025-11-18 20:22:45,215 INFO o.a.j.t.JMeterThread: Thread started: api 1-46
2025-11-18 20:22:45,219 INFO o.a.j.t.JMeterThread: Thread is done: api 1-46
2025-11-18 20:22:45,219 INFO o.a.j.t.JMeterThread: Thread finished: api 1-46
2025-11-18 20:22:45,315 INFO o.a.j.t.JMeterThread: Thread started: api 1-47
2025-11-18 20:22:45,317 INFO o.a.j.t.JMeterThread: Thread is done: api 1-47
2025-11-18 20:22:45,317 INFO o.a.j.t.JMeterThread: Thread finished: api 1-47
2025-11-18 20:22:45,414 INFO o.a.j.t.JMeterThread: Thread started: api 1-48
2025-11-18 20:22:45,417 INFO o.a.j.t.JMeterThread: Thread is done: api 1-48
2025-11-18 20:22:45,417 INFO o.a.j.t.JMeterThread: Thread finished: api 1-48
2025-11-18 20:22:45,514 INFO o.a.j.t.JMeterThread: Thread started: api 1-49
2025-11-18 20:22:45,518 INFO o.a.j.t.JMeterThread: Thread is done: api 1-49
2025-11-18 20:22:45,518 INFO o.a.j.t.JMeterThread: Thread finished: api 1-49
2025-11-18 20:22:45,616 INFO o.a.j.t.JMeterThread: Thread started: api 1-50
2025-11-18 20:22:45,621 INFO o.a.j.t.JMeterThread: Thread is done: api 1-50
2025-11-18 20:22:45,622 INFO o.a.j.t.JMeterThread: Thread finished: api 1-50
2025-11-18 20:22:45,716 INFO o.a.j.t.JMeterThread: Thread started: api 1-51
2025-11-18 20:22:45,718 INFO o.a.j.t.JMeterThread: Thread is done: api 1-51
2025-11-18 20:22:45,718 INFO o.a.j.t.JMeterThread: Thread finished: api 1-51
2025-11-18 20:22:45,815 INFO o.a.j.t.JMeterThread: Thread started: api 1-52
2025-11-18 20:22:45,817 INFO o.a.j.t.JMeterThread: Thread is done: api 1-52
2025-11-18 20:22:45,817 INFO o.a.j.t.JMeterThread: Thread finished: api 1-52
2025-11-18 20:22:45,916 INFO o.a.j.t.JMeterThread: Thread started: api 1-53
2025-11-18 20:22:45,916 INFO o.a.j.t.JMeterThread: Thread is done: api 1-53
2025-11-18 20:22:45,916 INFO o.a.j.t.JMeterThread: Thread finished: api 1-53
2025-11-18 20:22:46,015 INFO o.a.j.t.JMeterThread: Thread started: api 1-54
2025-11-18 20:22:46,018 INFO o.a.j.t.JMeterThread: Thread is done: api 1-54
2025-11-18 20:22:46,019 INFO o.a.j.t.JMeterThread: Thread finished: api 1-54
2025-11-18 20:22:46,114 INFO o.a.j.t.JMeterThread: Thread started: api 1-55
2025-11-18 20:22:46,120 INFO o.a.j.t.JMeterThread: Thread is done: api 1-55
2025-11-18 20:22:46,120 INFO o.a.j.t.JMeterThread: Thread finished: api 1-55
2025-11-18 20:22:46,216 INFO o.a.j.t.JMeterThread: Thread started: api 1-56
2025-11-18 20:22:46,218 INFO o.a.j.t.JMeterThread: Thread is done: api 1-56
2025-11-18 20:22:46,218 INFO o.a.j.t.JMeterThread: Thread finished: api 1-56
2025-11-18 20:22:46,315 INFO o.a.j.t.JMeterThread: Thread started: api 1-57
2025-11-18 20:22:46,318 INFO o.a.j.t.JMeterThread: Thread is done: api 1-57
2025-11-18 20:22:46,318 INFO o.a.j.t.JMeterThread: Thread finished: api 1-57
2025-11-18 20:22:46,416 INFO o.a.j.t.JMeterThread: Thread started: api 1-58
2025-11-18 20:22:46,422 INFO o.a.j.t.JMeterThread: Thread is done: api 1-58
2025-11-18 20:22:46,422 INFO o.a.j.t.JMeterThread: Thread finished: api 1-58
2025-11-18 20:22:46,515 INFO o.a.j.t.JMeterThread: Thread started: api 1-59
2025-11-18 20:22:46,517 INFO o.a.j.t.JMeterThread: Thread is done: api 1-59
2025-11-18 20:22:46,517 INFO o.a.j.t.JMeterThread: Thread finished: api 1-59
2025-11-18 20:22:46,616 INFO o.a.j.t.JMeterThread: Thread started: api 1-60
2025-11-18 20:22:46,620 INFO o.a.j.t.JMeterThread: Thread is done: api 1-60
2025-11-18 20:22:46,621 INFO o.a.j.t.JMeterThread: Thread finished: api 1-60
2025-11-18 20:22:46,716 INFO o.a.j.t.JMeterThread: Thread started: api 1-61
2025-11-18 20:22:46,720 INFO o.a.j.t.JMeterThread: Thread is done: api 1-61
2025-11-18 20:22:46,720 INFO o.a.j.t.JMeterThread: Thread finished: api 1-61
2025-11-18 20:22:46,816 INFO o.a.j.t.JMeterThread: Thread started: api 1-62
2025-11-18 20:22:46,823 INFO o.a.j.t.JMeterThread: Thread is done: api 1-62
2025-11-18 20:22:46,823 INFO o.a.j.t.JMeterThread: Thread finished: api 1-62
2025-11-18 20:22:46,915 INFO o.a.j.t.JMeterThread: Thread started: api 1-63
2025-11-18 20:22:46,917 INFO o.a.j.t.JMeterThread: Thread is done: api 1-63
2025-11-18 20:22:46,917 INFO o.a.j.t.JMeterThread: Thread finished: api 1-63
2025-11-18 20:22:47,016 INFO o.a.j.t.JMeterThread: Thread started: api 1-64
2025-11-18 20:22:47,020 INFO o.a.j.t.JMeterThread: Thread is done: api 1-64
2025-11-18 20:22:47,020 INFO o.a.j.t.JMeterThread: Thread finished: api 1-64
2025-11-18 20:22:47,115 INFO o.a.j.t.JMeterThread: Thread started: api 1-65
2025-11-18 20:22:47,117 INFO o.a.j.t.JMeterThread: Thread is done: api 1-65
2025-11-18 20:22:47,118 INFO o.a.j.t.JMeterThread: Thread finished: api 1-65
2025-11-18 20:22:47,217 INFO o.a.j.t.JMeterThread: Thread started: api 1-66
2025-11-18 20:22:47,220 INFO o.a.j.t.JMeterThread: Thread is done: api 1-66
2025-11-18 20:22:47,220 INFO o.a.j.t.JMeterThread: Thread finished: api 1-66
2025-11-18 20:22:47,316 INFO o.a.j.t.JMeterThread: Thread started: api 1-67
2025-11-18 20:22:47,318 INFO o.a.j.t.JMeterThread: Thread is done: api 1-67
2025-11-18 20:22:47,319 INFO o.a.j.t.JMeterThread: Thread finished: api 1-67
2025-11-18 20:22:47,415 INFO o.a.j.t.JMeterThread: Thread started: api 1-68
2025-11-18 20:22:47,417 INFO o.a.j.t.JMeterThread: Thread is done: api 1-68
2025-11-18 20:22:47,417 INFO o.a.j.t.JMeterThread: Thread finished: api 1-68
2025-11-18 20:22:47,516 INFO o.a.j.t.JMeterThread: Thread started: api 1-69
2025-11-18 20:22:47,518 INFO o.a.j.t.JMeterThread: Thread is done: api 1-69
2025-11-18 20:22:47,518 INFO o.a.j.t.JMeterThread: Thread finished: api 1-69
2025-11-18 20:22:47,615 INFO o.a.j.t.JMeterThread: Thread started: api 1-70
2025-11-18 20:22:47,617 INFO o.a.j.t.JMeterThread: Thread is done: api 1-70
2025-11-18 20:22:47,617 INFO o.a.j.t.JMeterThread: Thread finished: api 1-70
2025-11-18 20:22:47,716 INFO o.a.j.t.JMeterThread: Thread started: api 1-71
2025-11-18 20:22:47,718 INFO o.a.j.t.JMeterThread: Thread is done: api 1-71
2025-11-18 20:22:47,718 INFO o.a.j.t.JMeterThread: Thread finished: api 1-71
2025-11-18 20:22:47,815 INFO o.a.j.t.JMeterThread: Thread started: api 1-72
2025-11-18 20:22:47,817 INFO o.a.j.t.JMeterThread: Thread is done: api 1-72
2025-11-18 20:22:47,817 INFO o.a.j.t.JMeterThread: Thread finished: api 1-72
2025-11-18 20:22:47,914 INFO o.a.j.t.JMeterThread: Thread started: api 1-73
2025-11-18 20:22:47,917 INFO o.a.j.t.JMeterThread: Thread is done: api 1-73
2025-11-18 20:22:47,917 INFO o.a.j.t.JMeterThread: Thread finished: api 1-73
2025-11-18 20:22:48,016 INFO o.a.j.t.JMeterThread: Thread started: api 1-74
2025-11-18 20:22:48,018 INFO o.a.j.t.JMeterThread: Thread is done: api 1-74
2025-11-18 20:22:48,018 INFO o.a.j.t.JMeterThread: Thread finished: api 1-74
2025-11-18 20:22:48,115 INFO o.a.j.t.JMeterThread: Thread started: api 1-75
2025-11-18 20:22:48,117 INFO o.a.j.t.JMeterThread: Thread is done: api 1-75
2025-11-18 20:22:48,117 INFO o.a.j.t.JMeterThread: Thread finished: api 1-75
2025-11-18 20:22:48,216 INFO o.a.j.t.JMeterThread: Thread started: api 1-76
2025-11-18 20:22:48,219 INFO o.a.j.t.JMeterThread: Thread is done: api 1-76
2025-11-18 20:22:48,219 INFO o.a.j.t.JMeterThread: Thread finished: api 1-76
2025-11-18 20:22:48,315 INFO o.a.j.t.JMeterThread: Thread started: api 1-77
2025-11-18 20:22:48,317 INFO o.a.j.t.JMeterThread: Thread is done: api 1-77
2025-11-18 20:22:48,317 INFO o.a.j.t.JMeterThread: Thread finished: api 1-77
2025-11-18 20:22:48,415 INFO o.a.j.t.JMeterThread: Thread started: api 1-78
2025-11-18 20:22:48,418 INFO o.a.j.t.JMeterThread: Thread is done: api 1-78
2025-11-18 20:22:48,418 INFO o.a.j.t.JMeterThread: Thread finished: api 1-78
2025-11-18 20:22:48,516 INFO o.a.j.t.JMeterThread: Thread started: api 1-79
2025-11-18 20:22:48,520 INFO o.a.j.t.JMeterThread: Thread is done: api 1-79
2025-11-18 20:22:48,523 INFO o.a.j.t.JMeterThread: Thread finished: api 1-79
2025-11-18 20:22:48,616 INFO o.a.j.t.JMeterThread: Thread started: api 1-80
2025-11-18 20:22:48,619 INFO o.a.j.t.JMeterThread: Thread is done: api 1-80
2025-11-18 20:22:48,619 INFO o.a.j.t.JMeterThread: Thread finished: api 1-80
2025-11-18 20:22:48,715 INFO o.a.j.t.JMeterThread: Thread started: api 1-81
2025-11-18 20:22:48,717 INFO o.a.j.t.JMeterThread: Thread is done: api 1-81
2025-11-18 20:22:48,717 INFO o.a.j.t.JMeterThread: Thread finished: api 1-81
2025-11-18 20:22:48,815 INFO o.a.j.t.JMeterThread: Thread started: api 1-82
2025-11-18 20:22:48,818 INFO o.a.j.t.JMeterThread: Thread is done: api 1-82
2025-11-18 20:22:48,818 INFO o.a.j.t.JMeterThread: Thread finished: api 1-82
2025-11-18 20:22:48,917 INFO o.a.j.t.JMeterThread: Thread started: api 1-83
2025-11-18 20:22:48,921 INFO o.a.j.t.JMeterThread: Thread is done: api 1-83
2025-11-18 20:22:48,921 INFO o.a.j.t.JMeterThread: Thread finished: api 1-83
2025-11-18 20:22:49,016 INFO o.a.j.t.JMeterThread: Thread started: api 1-84
2025-11-18 20:22:49,018 INFO o.a.j.t.JMeterThread: Thread is done: api 1-84
2025-11-18 20:22:49,032 INFO o.a.j.t.JMeterThread: Thread finished: api 1-84
2025-11-18 20:22:49,114 INFO o.a.j.t.JMeterThread: Thread started: api 1-85
2025-11-18 20:22:49,117 INFO o.a.j.t.JMeterThread: Thread is done: api 1-85
2025-11-18 20:22:49,118 INFO o.a.j.t.JMeterThread: Thread finished: api 1-85
2025-11-18 20:22:49,216 INFO o.a.j.t.JMeterThread: Thread started: api 1-86
2025-11-18 20:22:49,220 INFO o.a.j.t.JMeterThread: Thread is done: api 1-86
2025-11-18 20:22:49,220 INFO o.a.j.t.JMeterThread: Thread finished: api 1-86
2025-11-18 20:22:49,316 INFO o.a.j.t.JMeterThread: Thread started: api 1-87
2025-11-18 20:22:49,319 INFO o.a.j.t.JMeterThread: Thread is done: api 1-87
2025-11-18 20:22:49,319 INFO o.a.j.t.JMeterThread: Thread finished: api 1-87
2025-11-18 20:22:49,415 INFO o.a.j.t.JMeterThread: Thread started: api 1-88
2025-11-18 20:22:49,416 INFO o.a.j.t.JMeterThread: Thread is done: api 1-88
2025-11-18 20:22:49,418 INFO o.a.j.t.JMeterThread: Thread finished: api 1-88
2025-11-18 20:22:49,516 INFO o.a.j.t.JMeterThread: Thread started: api 1-89
2025-11-18 20:22:49,518 INFO o.a.j.t.JMeterThread: Thread is done: api 1-89
2025-11-18 20:22:49,518 INFO o.a.j.t.JMeterThread: Thread finished: api 1-89
2025-11-18 20:22:49,615 INFO o.a.j.t.JMeterThread: Thread started: api 1-90
2025-11-18 20:22:49,624 INFO o.a.j.t.JMeterThread: Thread is done: api 1-90
2025-11-18 20:22:49,625 INFO o.a.j.t.JMeterThread: Thread finished: api 1-90
2025-11-18 20:22:49,715 INFO o.a.j.t.JMeterThread: Thread started: api 1-91
2025-11-18 20:22:49,718 INFO o.a.j.t.JMeterThread: Thread is done: api 1-91
2025-11-18 20:22:49,718 INFO o.a.j.t.JMeterThread: Thread finished: api 1-91
2025-11-18 20:22:49,816 INFO o.a.j.t.JMeterThread: Thread started: api 1-92
2025-11-18 20:22:49,817 INFO o.a.j.t.JMeterThread: Thread is done: api 1-92
2025-11-18 20:22:49,817 INFO o.a.j.t.JMeterThread: Thread finished: api 1-92
2025-11-18 20:22:49,916 INFO o.a.j.t.JMeterThread: Thread started: api 1-93
2025-11-18 20:22:49,918 INFO o.a.j.t.JMeterThread: Thread is done: api 1-93
2025-11-18 20:22:49,918 INFO o.a.j.t.JMeterThread: Thread finished: api 1-93
2025-11-18 20:22:50,016 INFO o.a.j.t.JMeterThread: Thread started: api 1-94
2025-11-18 20:22:50,017 INFO o.a.j.t.JMeterThread: Thread is done: api 1-94
2025-11-18 20:22:50,017 INFO o.a.j.t.JMeterThread: Thread finished: api 1-94
2025-11-18 20:22:50,115 INFO o.a.j.t.JMeterThread: Thread started: api 1-95
2025-11-18 20:22:50,116 INFO o.a.j.t.JMeterThread: Thread is done: api 1-95
2025-11-18 20:22:50,116 INFO o.a.j.t.JMeterThread: Thread finished: api 1-95
2025-11-18 20:22:50,217 INFO o.a.j.t.JMeterThread: Thread started: api 1-96
2025-11-18 20:22:50,218 INFO o.a.j.t.JMeterThread: Thread is done: api 1-96
2025-11-18 20:22:50,218 INFO o.a.j.t.JMeterThread: Thread finished: api 1-96
2025-11-18 20:22:50,316 INFO o.a.j.t.JMeterThread: Thread started: api 1-97
2025-11-18 20:22:50,319 INFO o.a.j.t.JMeterThread: Thread is done: api 1-97
2025-11-18 20:22:50,319 INFO o.a.j.t.JMeterThread: Thread finished: api 1-97
2025-11-18 20:22:50,416 INFO o.a.j.t.JMeterThread: Thread started: api 1-98
2025-11-18 20:22:50,419 INFO o.a.j.t.JMeterThread: Thread is done: api 1-98
2025-11-18 20:22:50,419 INFO o.a.j.t.JMeterThread: Thread finished: api 1-98
2025-11-18 20:22:50,515 INFO o.a.j.t.JMeterThread: Thread started: api 1-99
2025-11-18 20:22:50,517 INFO o.a.j.t.JMeterThread: Thread is done: api 1-99
2025-11-18 20:22:50,517 INFO o.a.j.t.JMeterThread: Thread finished: api 1-99
2025-11-18 20:22:50,615 INFO o.a.j.t.JMeterThread: Thread started: api 1-100
2025-11-18 20:22:50,617 INFO o.a.j.t.JMeterThread: Thread is done: api 1-100
2025-11-18 20:22:50,618 INFO o.a.j.t.JMeterThread: Thread finished: api 1-100
2025-11-18 20:22:50,618 INFO o.a.j.e.StandardJMeterEngine: Notifying test listeners of end of test
2025-11-18 20:22:50,621 INFO o.a.j.r.Summariser: summary =    100 in 00:00:10 =   10.1/s Avg:     0 Min:     0 Max:     0 Err:   100 (100.00%)
2025-11-18 20:22:50,622 INFO o.a.j.JMeter: Generating Dashboard
2025-11-18 20:22:50,623 INFO o.a.j.r.d.ReportGenerator: Flushing result collector before report Generation
2025-11-18 20:22:50,641 INFO o.a.j.r.p.NormalizerSampleConsumer: Using format, 'ms', to parse timeStamp field
2025-11-18 20:22:50,826 INFO o.a.j.r.p.AbstractSampleConsumer: class org.apache.jmeter.report.processor.AggregateConsumer#stopProducing(): beginDate produced 0 samples
2025-11-18 20:22:50,826 INFO o.a.j.r.p.AbstractSampleConsumer: class org.apache.jmeter.report.processor.AggregateConsumer#stopProducing(): endDate produced 0 samples
2025-11-18 20:22:50,840 INFO o.a.j.r.p.AbstractSampleConsumer: class org.apache.jmeter.report.processor.ApdexSummaryConsumer#stopProducing(): apdexSummary produced 0 samples
2025-11-18 20:22:50,841 INFO o.a.j.r.p.AbstractSampleConsumer: class org.apache.jmeter.report.processor.RequestsSummaryConsumer#stopProducing(): requestsSummary produced 0 samples
2025-11-18 20:22:50,846 INFO o.a.j.r.p.AbstractSampleConsumer: class org.apache.jmeter.report.processor.StatisticsSummaryConsumer#stopProducing(): statisticsSummary produced 0 samples
2025-11-18 20:22:50,847 INFO o.a.j.r.p.AbstractSampleConsumer: class org.apache.jmeter.report.processor.Top5ErrorsBySamplerConsumer#stopProducing(): top5ErrorsBySampler produced 0 samples
2025-11-18 20:22:50,848 INFO o.a.j.r.p.AbstractSampleConsumer: class org.apache.jmeter.report.processor.ErrorsSummaryConsumer#stopProducing(): errorsSummary produced 0 samples
2025-11-18 20:22:50,848 INFO o.a.j.r.p.AbstractSampleConsumer: class org.apache.jmeter.report.processor.graph.impl.HitsPerSecondGraphConsumer#stopProducing(): hitsPerSecond produced 0 samples
2025-11-18 20:22:50,866 INFO o.a.j.r.p.AbstractSampleConsumer: class org.apache.jmeter.report.processor.graph.impl.LatencyVSRequestGraphConsumer#stopProducing(): latencyVsRequest produced 0 samples
2025-11-18 20:22:50,866 INFO o.a.j.r.p.AbstractSampleConsumer: class org.apache.jmeter.report.processor.graph.impl.SyntheticResponseTimeDistributionGraphConsumer#stopProducing(): syntheticResponseTimeDistribution produced 0 samples
2025-11-18 20:22:50,866 INFO o.a.j.r.p.AbstractSampleConsumer: class org.apache.jmeter.report.processor.graph.impl.BytesThroughputGraphConsumer#stopProducing(): bytesThroughputOverTime produced 0 samples
2025-11-18 20:22:50,866 INFO o.a.j.r.p.AbstractSampleConsumer: class org.apache.jmeter.report.processor.graph.impl.CodesPerSecondGraphConsumer#stopProducing(): codesPerSecond produced 0 samples
2025-11-18 20:22:50,871 INFO o.a.j.r.p.AbstractSampleConsumer: class org.apache.jmeter.report.processor.graph.impl.ResponseTimeVSRequestGraphConsumer#stopProducing(): responseTimeVsRequest produced 0 samples
2025-11-18 20:22:50,872 INFO o.a.j.r.p.AbstractSampleConsumer: class org.apache.jmeter.report.processor.FilterConsumer#stopProducing(): startIntervalControlerFilter produced 700 samples
2025-11-18 20:22:50,872 INFO o.a.j.r.p.AbstractSampleConsumer: class org.apache.jmeter.report.processor.graph.impl.TotalTPSGraphConsumer#stopProducing(): totalTPS produced 0 samples
2025-11-18 20:22:50,872 INFO o.a.j.r.p.AbstractSampleConsumer: class org.apache.jmeter.report.processor.graph.impl.ActiveThreadsGraphConsumer#stopProducing(): activeThreadsOverTime produced 0 samples
2025-11-18 20:22:50,872 INFO o.a.j.r.p.AbstractSampleConsumer: class org.apache.jmeter.report.processor.graph.impl.TimeVSThreadGraphConsumer#stopProducing(): timeVsThreads produced 0 samples
2025-11-18 20:22:50,872 INFO o.a.j.r.p.AbstractSampleConsumer: class org.apache.jmeter.report.processor.graph.impl.ResponseTimeDistributionGraphConsumer#stopProducing(): responseTimeDistribution produced 0 samples
2025-11-18 20:22:50,872 INFO o.a.j.r.p.AbstractSampleConsumer: class org.apache.jmeter.report.processor.graph.impl.TransactionsPerSecondGraphConsumer#stopProducing(): transactionsPerSecond produced 0 samples
2025-11-18 20:22:50,872 INFO o.a.j.r.p.AbstractSampleConsumer: class org.apache.jmeter.report.processor.graph.impl.ResponseTimePercentilesGraphConsumer#stopProducing(): responseTimePercentiles produced 0 samples
2025-11-18 20:22:50,873 INFO o.a.j.r.p.AbstractSampleConsumer: class org.apache.jmeter.report.processor.graph.impl.ResponseTimePercentilesOverTimeGraphConsumer#stopProducing(): responseTimePercentilesOverTime produced 0 samples
2025-11-18 20:22:50,873 INFO o.a.j.r.p.AbstractSampleConsumer: class org.apache.jmeter.report.processor.graph.impl.ResponseTimeOverTimeGraphConsumer#stopProducing(): responseTimesOverTime produced 0 samples
2025-11-18 20:22:50,873 INFO o.a.j.r.p.AbstractSampleConsumer: class org.apache.jmeter.report.processor.graph.impl.ConnectTimeOverTimeGraphConsumer#stopProducing(): connectTimeOverTime produced 0 samples
2025-11-18 20:22:50,873 INFO o.a.j.r.p.AbstractSampleConsumer: class org.apache.jmeter.report.processor.graph.impl.LatencyOverTimeGraphConsumer#stopProducing(): latenciesOverTime produced 0 samples
2025-11-18 20:22:50,873 INFO o.a.j.r.p.AbstractSampleConsumer: class org.apache.jmeter.report.processor.FilterConsumer#stopProducing(): nameFilter produced 1500 samples
2025-11-18 20:22:50,873 INFO o.a.j.r.p.AbstractSampleConsumer: class org.apache.jmeter.report.processor.FilterConsumer#stopProducing(): dateRangeFilter produced 300 samples
2025-11-18 20:22:50,873 INFO o.a.j.r.p.AbstractSampleConsumer: class org.apache.jmeter.report.processor.NormalizerSampleConsumer#stopProducing(): normalizer produced 100 samples
2025-11-18 20:22:50,875 INFO o.a.j.r.p.CsvFileSampleSource: produce(): 100 samples produced in 182ms on channel 0
2025-11-18 20:22:50,875 INFO o.a.j.r.d.ReportGenerator: Exporting data using exporter:'json' of className:'org.apache.jmeter.report.dashboard.JsonExporter'
2025-11-18 20:22:50,946 INFO o.a.j.r.d.JsonExporter: Found data for consumer statisticsSummary in context
2025-11-18 20:22:50,946 INFO o.a.j.r.d.JsonExporter: Creating statistics for overall
2025-11-18 20:22:50,946 INFO o.a.j.r.d.JsonExporter: Creating statistics for other transactions
2025-11-18 20:22:50,947 INFO o.a.j.r.d.JsonExporter: Checking output folder
2025-11-18 20:22:50,948 INFO o.a.j.r.d.JsonExporter: Writing statistics JSON to C:\Users\Administrador\Documents\teste-software-univas\backend\tests\jmeter\reports\smoke\statistics.json
2025-11-18 20:22:51,007 INFO o.a.j.r.d.ReportGenerator: Exporting data using exporter:'html' of className:'org.apache.jmeter.report.dashboard.HtmlTemplateExporter'
2025-11-18 20:22:51,011 INFO o.a.j.r.d.HtmlTemplateExporter: Will generate dashboard in folder: C:\Users\Administrador\Documents\teste-software-univas\backend\tests\jmeter\reports\smoke
2025-11-18 20:22:51,162 INFO o.a.j.r.d.HtmlTemplateExporter: Report will be generated in: C:\Users\Administrador\Documents\teste-software-univas\backend\tests\jmeter\reports\smoke, creating folder structure
2025-11-18 20:22:51,166 INFO o.a.j.r.d.TemplateVisitor: Copying folder from 'C:\Tools\apache-jmeter-5.6.3\bin\report-template' to 'C:\Users\Administrador\Documents\teste-software-univas\backend\tests\jmeter\reports\smoke', got message: C:\Users\Administrador\Documents\teste-software-univas\backend\tests\jmeter\reports\smoke, found non empty folder with following content [C:\Users\Administrador\Documents\teste-software-univas\backend\tests\jmeter\reports\smoke\statistics.json], will be ignored
2025-11-18 20:22:51,615 INFO o.a.j.JMeter: Dashboard generated
